// Jest Snapshot v1, https://goo.gl/fbAQLP

exports[`RNCarousel renders correclty. OTP container view renders correctly. 1`] = `"<View testID=\\"RNCarousel\\" style=\\"flex:1;justify-content:center;align-items:center\\"></View>"`;
